// Vitest Snapshot v1, https://vitest.dev/guide/snapshot.html

exports[`NoAccess - integration tests > matches snapshot 1`] = `
<div>
  <div
    class="p-10 text-center"
  >
    <h1
      class="text-3xl font-bold"
    >
      Access denied
    </h1>
    <p
      class="text-gray-600 mt-2"
    >
      You do not have permission to view this page.
    </p>
  </div>
</div>
`;
